// Jest Snapshot v1, https://goo.gl/fbAQLP

exports[`PhotoGallery Component Snapshot testing photogallery component 1`] = `
<div>
  <div>
    Â 
  </div>
</div>
`;
